================================================================================
COMPREHENSIVE EXTRACTION ENGINE TEST SUITE
================================================================================

================================================================================
TEST CASE 1: PixelCraft (INR, Large Total, Main Phase Timeline)
================================================================================
[EXTRACTION DEBUG] Vendor name: PIXELCRAFT STUDIOS
[EXTRACTION DEBUG] Raw text length: 351 chars
[EXTRACTION DEBUG] Found Project Fee (incl. GST) INR cost: 27022000.0
[EXTRACTION DEBUG] Found INR cost (largest of 2): 27022000.0
[EXTRACTION DEBUG] Timeline (main phase): 24 weeks
[EXTRACTION DEBUG] Extraction complete: PIXELCRAFT STUDIOS, 27022000.0 INR

Results:
  Vendor Name: PIXELCRAFT STUDIOS
  Total Cost: 27022000.0 INR
  Timeline: 24 weeks

Validation:
  Γ£à Vendor contains 'PixelCraft'
  Γ£à Total Cost: 27022000.0
  Γ£à Currency: INR
  Γ£à Timeline: 24 weeks

Γ£à TEST 1 PASSED

================================================================================
TEST CASE 2: ACME (USD, Single Amount, Short Timeline)
================================================================================
[EXTRACTION DEBUG] Vendor name: ACME Corp Ltd.
[EXTRACTION DEBUG] Raw text length: 288 chars
[EXTRACTION DEBUG] Found TOTAL line: 0
[EXTRACTION DEBUG] Found TOTAL USD cost: 50000.0
[EXTRACTION DEBUG] Timeline (filtered): 6 weeks
[EXTRACTION DEBUG] Extraction complete: ACME Corp Ltd., 50000.0 USD

Results:
  Vendor Name: ACME Corp Ltd.
  Total Cost: 50000.0 USD
  Timeline: 6 weeks

Validation:
  Γ£à Vendor contains 'ACME'
  Γ£à Total Cost: 50000.0
  Γ£à Currency: USD
  Γ£à Timeline: 6 weeks

Γ£à TEST 2 PASSED

================================================================================
TEST CASE 3: European (EUR, Complex Timeline)
================================================================================
[EXTRACTION DEBUG] Vendor name: European Creative GmbH
[EXTRACTION DEBUG] Raw text length: 275 chars
[EXTRACTION DEBUG] Found TOTAL line: 0
[EXTRACTION DEBUG] Found TOTAL EUR cost: 35000.0
[EXTRACTION DEBUG] Timeline (filtered): 16 weeks
[EXTRACTION DEBUG] Extraction complete: European Creative GmbH, 35000.0 EUR

Results:
  Vendor Name: European Creative GmbH
  Total Cost: 35000.0 EUR
  Timeline: 16 weeks

Validation:
  Γ£à Vendor contains 'European'
  Γ£à Total Cost: 35000.0
  Γ£à Currency: EUR
  Γ£à Timeline: 16 weeks

Γ£à TEST 3 PASSED

================================================================================
FINAL SUMMARY
================================================================================
Γ£à ALL TESTS PASSED - Extraction engine fixes are working correctly!
